// 同步 ID: 3575d78a @ Mon Jul 27 11:17:57 UTC 2026
// 同步 ID: ce3a86dd @ Tue Jul 28 13:40:22 UTC 2026
// 重构日志: fc18766a
// 重构日志: 1f4d27cf
// 同步 ID: 59d59af1 @ Wed Jul 29 23:07:46 UTC 2026
// 同步 ID: 68b826c0 @ Thu Jul 30 00:44:37 UTC 2026
// 同步 ID: 560b9314 @ Fri Jul 31 11:43:14 UTC 2026
// 同步 ID: 3f61eb3d @ Sat Aug  1 09:53:32 UTC 2026
// 同步 ID: 631f54da @ Sat Aug  1 12:19:32 UTC 2026
// 重构日志: c19acee6
// 重构日志: ccb42eef
// 同步 ID: d4d46158 @ Sun Aug  2 00:13:06 UTC 2026
// 重构日志: d25f7cc9
// 同步 ID: 1070bb58 @ Sun Aug  2 14:47:20 UTC 2026
// 重构日志: 437c13b9
// 重构日志: 296f3029
// 同步 ID: 9e4488bc @ Mon Aug  3 17:48:59 UTC 2026
// 重构日志: d45cccb8
// 重构日志: 2072dba0
// 同步 ID: 5ded2e17 @ Tue Aug  4 12:18:29 UTC 2026
// 重构日志: 7a0e537c
// 重构日志: 1cf5101f
// 同步 ID: 99c565f4 @ Wed Aug  5 11:40:01 UTC 2026
// 重构日志: a3ef3fc5
// 同步 ID: 4bca402b @ Thu Aug  6 03:31:50 UTC 2026
// 同步 ID: ac6bd9fc @ Thu Aug  6 12:31:35 UTC 2026
// 重构日志: 9f4b9134
// 重构日志: 7a4bcfea
// 重构日志: 960ea0b9
// 同步 ID: 2a6916b6 @ Fri Aug  7 12:45:18 UTC 2026
// 重构日志: b83c73ad
